// Jest Snapshot v1, https://goo.gl/fbAQLP

exports[`Calculator component unit test Calculator Component Renders Properly  1`] = `
<div
  className="wrapper"
  data-testid="header"
>
  <div>
    <h2>
      Let's Do Some Math
    </h2>
  </div>
  <div
    className="App"
  >
    <div
      className="Display"
    >
      0
    </div>
    <div
      className="ButtonPanel"
    >
      <div>
        <button
          className="button"
          onClick={[Function]}
          type="button"
        >
          AC
        </button>
        <button
          className="button"
          onClick={[Function]}
          type="button"
        >
          +/-
        </button>
        <button
          className="button"
          onClick={[Function]}
          type="button"
        >
          %
        </button>
        <button
          className="button operation-button"
          onClick={[Function]}
          type="button"
        >
          รท
        </button>
      </div>
      <div>
        <button
          className="button"
          onClick={[Function]}
          type="button"
        >
          7
        </button>
        <button
          className="button"
          onClick={[Function]}
          type="button"
        >
          8
        </button>
        <button
          className="button"
          onClick={[Function]}
          type="button"
        >
          9
        </button>
        <button
          className="button operation-button"
          onClick={[Function]}
          type="button"
        >
          x
        </button>
      </div>
      <div>
        <button
          className="button"
          onClick={[Function]}
          type="button"
        >
          4
        </button>
        <button
          className="button"
          onClick={[Function]}
          type="button"
        >
          5
        </button>
        <button
          className="button"
          onClick={[Function]}
          type="button"
        >
          6
        </button>
        <button
          className="button operation-button"
          onClick={[Function]}
          type="button"
        >
          -
        </button>
      </div>
      <div>
        <button
          className="button"
          onClick={[Function]}
          type="button"
        >
          1
        </button>
        <button
          className="button"
          onClick={[Function]}
          type="button"
        >
          2
        </button>
        <button
          className="button"
          onClick={[Function]}
          type="button"
        >
          3
        </button>
        <button
          className="button operation-button"
          onClick={[Function]}
          type="button"
        >
          +
        </button>
      </div>
      <div
        className="LastRow"
      >
        <button
          className="button"
          onClick={[Function]}
          type="button"
        >
          0
        </button>
        <button
          className="button"
          onClick={[Function]}
          type="button"
        >
          .
        </button>
        <button
          className="button operation-button"
          onClick={[Function]}
          type="button"
        >
          =
        </button>
      </div>
    </div>
  </div>
</div>
`;
