// Jest Snapshot v1, https://goo.gl/fbAQLP

exports[`Home component unit test Home Component Renders Properly  1`] = `
<div
  className="quotediv"
>
  <q
    className="quote"
  />
  <p
    className="p"
  />
</div>
`;
